// Jest Snapshot v1, https://goo.gl/fbAQLP

exports[`ListingAdCardDescription renders description 1`] = `
<div>
  <div
    class="description"
    data-testid="description"
  >
    Phone number: 
    <span
      class="phoneNumber"
    >
      8234 XXXX
    </span>
    

Superb 3 bedroom in sentosa for a very affordable price and a very nearby bus
station.

Please call Alex B (CEA No: R0123456) @  
    <span
      class="phoneNumber"
    >
      8234XXXX
    </span>
     or the owner (
    <span
      class="phoneNumber"
    >
      8345XXXX
    </span>
    ) to arrange for a viewing.
  </div>
</div>
`;
